// Vitest Snapshot v1, https://vitest.dev/guide/snapshot.html

exports[`test Key Path Expression V2 > init const test_key_path = source.a 1`] = `
{
  "initializer": {
    "keyPath": [
      "source",
      "a",
    ],
    "kind": "KeyPathExpression",
  },
  "key": "test_key_path",
  "kind": "VariableDeclaration",
  "order": 0,
  "type": {
    "kind": "String",
  },
}
`;

exports[`test Key Path Expression V2 > subscribe variable changes by expression 1`] = `
[
  1,
  {
    "kind": "Boolean",
  },
]
`;

exports[`test Key Path Expression V2 > subscribe variable changes by expression 2`] = `
[
  2,
  {
    "kind": "Number",
  },
]
`;

exports[`test Key Path Expression V2 > subscribe variable changes by expression 3`] = `
[
  3,
  undefined,
]
`;

exports[`test Key Path Expression V2 > subscribe variable changes by expression 4`] = `
[
  4,
  {
    "kind": "Number",
  },
]
`;

exports[`test Key Path Expression V2 > subscribe variable changes by expression 5`] = `
[
  5,
  undefined,
]
`;

exports[`test Key Path Expression V2 > subscribe variable changes by expression 6`] = `
[
  6,
  {
    "kind": "Number",
  },
]
`;

exports[`test Key Path Expression V2 > subscribe variable changes by expression 7`] = `
{
  "initializer": {
    "enumerateFor": {
      "keyPath": [
        "source",
        "b",
      ],
      "kind": "KeyPathExpression",
    },
    "kind": "EnumerateExpression",
  },
  "key": "test_key_path",
  "kind": "VariableDeclaration",
  "order": 0,
  "type": {
    "kind": "Number",
  },
}
`;

exports[`test Key Path Expression V2 > subscribe variable changes by expression 8`] = `
[
  7,
  undefined,
]
`;
