// Vitest Snapshot v1, https://vitest.dev/guide/snapshot.html

exports[`flow-label-layer > test render 1`] = `
<DocumentFragment>
  <div
    data-label-id="start"
    style="position: absolute; left: 0px; top: 0px; transform: translate(-50%, -50%);"
  >
    <div
      class="flow-canvas-adder"
      data-from="start"
      data-testid="sdk.flowcanvas.line.adder"
      data-to="mock"
      style="width: 280px; height: 0px; display: flex; justify-content: center; align-items: center;"
    />
  </div>
  <div
    data-label-id="mock"
    style="position: absolute; left: 0px; top: 0px; transform: translate(-50%, -50%);"
  >
    <div
      class="flow-canvas-branch-draggable-adder"
    />
  </div>
  <div
    data-label-id="mock"
    style="position: absolute; left: 0px; top: 0px; transform: translate(-50%, -50%);"
  />
  <div
    data-label-id="mock"
    style="position: absolute; left: 0px; top: 0px; transform: translate(-50%, -50%);"
  >
    <div
      class="flow-canvas-collapse"
      style="width: 280px; height: 32px; display: flex; justify-content: center; align-items: center;"
    />
  </div>
  <div
    data-label-id="mock"
    style="position: absolute; left: 0px; top: 0px; transform: translate(-50%, -50%);"
  >
    <div
      class="flow-canvas-collapse-adder"
      style="display: flex;"
    >
      <div
        class="flow-canvas-adder"
        data-from="mock"
        data-testid="sdk.flowcanvas.line.adder"
        data-to=""
        style="width: 40px; height: 32px; display: flex; justify-content: center; align-items: center;"
      />
    </div>
  </div>
  <div
    data-label-id="mock"
    style="position: absolute; left: 0px; top: 0px; transform: translate(-50%, -50%);"
  >
    <div
      class="flow-canvas-collapse-adder"
    >
      <div
        class="flow-canvas-collapse"
        style="width: 280px; height: 20px; display: flex; justify-content: center; align-items: flex-end;"
      />
      <div
        class="flow-canvas-adder"
        data-from="mock"
        data-testid="sdk.flowcanvas.line.adder"
        data-to=""
        style="width: 280px; height: 20px; display: flex; justify-content: center; align-items: center;"
      />
    </div>
  </div>
  <div
    data-label-id="mock"
    style="position: absolute; left: 0px; top: 0px; transform: translate(-50%, -50%);"
  >
    <div
      class="flow-canvas-collapse-adder"
    >
      <div
        class="flow-canvas-collapse"
        style="width: 280px; height: 20px; display: flex; justify-content: center; align-items: flex-end;"
      />
      <div
        class="flow-canvas-adder"
        data-from="mock"
        data-testid="sdk.flowcanvas.line.adder"
        data-to=""
        style="width: 280px; height: 20px; display: flex; justify-content: center; align-items: center;"
      />
    </div>
  </div>
  <div
    data-label-id="mock"
    style="position: absolute; left: 0px; top: 0px; transform: translate(-50%, -50%);"
  >
    <div
      data-label-id="mock"
      style="font-size: 12px; color: rgb(187, 191, 196); text-align: center; white-space: nowrap; background-color: var(--g-editor-background); line-height: 20px;"
    >
      123
    </div>
  </div>
  <div
    data-label-id="mock"
    style="position: absolute; left: 0px; top: 0px; transform: translate(-50%, -50%);"
  >
    <div
      data-label-id="mock"
      style="font-size: 12px; color: rgb(187, 191, 196); text-align: center; white-space: nowrap; background-color: var(--g-editor-background); line-height: 20px; width: 100px; transform: rotate(90deg);"
    >
      catch-text
    </div>
  </div>
  <div
    data-label-id="mock"
    style="position: absolute; left: 0px; top: 0px; transform: translate(-50%, -50%);"
  />
  <div
    data-label-id="mock"
    style="position: absolute; left: 0px; top: 0px; transform: translate(-50%, -50%);"
  />
</DocumentFragment>
`;
